2025-06-05 11:04:26 - Processing borrowing receipt email for transaction ID: 19
2025-06-05 11:04:26 - Attempting to send email to: freaxzaldy@gmail.com using direct method
2025-06-05 11:04:26 - Starting to send borrowing email to: freaxzaldy@gmail.com
2025-06-05 11:04:28 - Port 465/SSL attempt debug output:
2025-06-05 09:04:26 SERVER -&gt; CLIENT: 220 smtp.gmail.com ESMTP d9443c01a7336-23506cd8d6dsm115379565ad.119 - gsmtp<br>
2025-06-05 09:04:26 CLIENT -&gt; SERVER: EHLO localhost<br>
2025-06-05 09:04:26 SERVER -&gt; CLIENT: 250-smtp.gmail.com at your service, [38.225.216.3]250-SIZE 35882577250-8BITMIME250-AUTH LOGIN PLAIN XOAUTH2 PLAIN-CLIENTTOKEN OAUTHBEARER XOAUTH250-ENHANCEDSTATUSCODES250-PIPELINING250-CHUNKING250 SMTPUTF8<br>
2025-06-05 09:04:26 CLIENT -&gt; SERVER: AUTH LOGIN<br>
2025-06-05 09:04:26 SERVER -&gt; CLIENT: 334 VXNlcm5hbWU6<br>
2025-06-05 09:04:26 CLIENT -&gt; SERVER: [credentials hidden]<br>
2025-06-05 09:04:27 SERVER -&gt; CLIENT: 334 UGFzc3dvcmQ6<br>
2025-06-05 09:04:27 CLIENT -&gt; SERVER: [credentials hidden]<br>
2025-06-05 09:04:27 SERVER -&gt; CLIENT: 235 2.7.0 Accepted<br>
2025-06-05 09:04:27 CLIENT -&gt; SERVER: MAIL FROM:&lt;migsbacho04@gmail.com&gt;<br>
2025-06-05 09:04:27 SERVER -&gt; CLIENT: 250 2.1.0 OK d9443c01a7336-23506cd8d6dsm115379565ad.119 - gsmtp<br>
2025-06-05 09:04:27 CLIENT -&gt; SERVER: RCPT TO:&lt;freaxzaldy@gmail.com&gt;<br>
2025-06-05 09:04:27 SERVER -&gt; CLIENT: 250 2.1.5 OK d9443c01a7336-23506cd8d6dsm115379565ad.119 - gsmtp<br>
2025-06-05 09:04:27 CLIENT -&gt; SERVER: DATA<br>
2025-06-05 09:04:27 SERVER -&gt; CLIENT: 354 Go ahead d9443c01a7336-23506cd8d6dsm115379565ad.119 - gsmtp<br>
2025-06-05 09:04:27 CLIENT -&gt; SERVER: Date: Thu, 5 Jun 2025 11:04:26 +0200<br>
2025-06-05 09:04:27 CLIENT -&gt; SERVER: To: freaxzaldy@gmail.com<br>
2025-06-05 09:04:27 CLIENT -&gt; SERVER: From: Coffee Prince Library &lt;migsbacho04@gmail.com&gt;<br>
2025-06-05 09:04:27 CLIENT -&gt; SERVER: Reply-To: Coffee Prince Library &lt;migsbacho04@gmail.com&gt;<br>
2025-06-05 09:04:27 CLIENT -&gt; SERVER: Subject: Coffee Prince Library - Borrowing Receipt #19<br>
2025-06-05 09:04:27 CLIENT -&gt; SERVER: Message-ID: &lt;GMCNjuzyuMm4f7kWap2l7dnBVNzaBntd72LNtsq4Q@localhost&gt;<br>
2025-06-05 09:04:27 CLIENT -&gt; SERVER: X-Mailer: PHPMailer 6.10.0 (https://github.com/PHPMailer/PHPMailer)<br>
2025-06-05 09:04:27 CLIENT -&gt; SERVER: MIME-Version: 1.0<br>
2025-06-05 09:04:27 CLIENT -&gt; SERVER: Content-Type: multipart/alternative;<br>
2025-06-05 09:04:27 CLIENT -&gt; SERVER:  boundary=&quot;b1=_GMCNjuzyuMm4f7kWap2l7dnBVNzaBntd72LNtsq4Q&quot;<br>
2025-06-05 09:04:27 CLIENT -&gt; SERVER: Content-Transfer-Encoding: 8bit<br>
2025-06-05 09:04:27 CLIENT -&gt; SERVER: <br>
2025-06-05 09:04:27 CLIENT -&gt; SERVER: --b1=_GMCNjuzyuMm4f7kWap2l7dnBVNzaBntd72LNtsq4Q<br>
2025-06-05 09:04:27 CLIENT -&gt; SERVER: Content-Type: text/plain; charset=iso-8859-1<br>
2025-06-05 09:04:27 CLIENT -&gt; SERVER: Content-Transfer-Encoding: 8bit<br>
2025-06-05 09:04:27 CLIENT -&gt; SERVER: <br>
2025-06-05 09:04:27 CLIENT -&gt; SERVER: COFFEE PRINCE LIBRARY - BORROWING RECEIPT<br>
2025-06-05 09:04:27 CLIENT -&gt; SERVER: Transaction #19<br>
2025-06-05 09:04:27 CLIENT -&gt; SERVER: <br>
2025-06-05 09:04:27 CLIENT -&gt; SERVER: DATE BORROWED: June 5, 2025, 5:04 PM<br>
2025-06-05 09:04:27 CLIENT -&gt; SERVER: DUE DATE: June 6, 2025<br>
2025-06-05 09:04:27 CLIENT -&gt; SERVER: <br>
2025-06-05 09:04:27 CLIENT -&gt; SERVER: BOOK DETAILS:<br>
2025-06-05 09:04:27 CLIENT -&gt; SERVER: Title: Everything is Fucked!<br>
2025-06-05 09:04:27 CLIENT -&gt; SERVER: Author: Mark Manson<br>
2025-06-05 09:04:27 CLIENT -&gt; SERVER: Barcode: 9780062888433<br>
2025-06-05 09:04:27 CLIENT -&gt; SERVER: <br>
2025-06-05 09:04:27 CLIENT -&gt; SERVER: BORROWER DETAILS:<br>
2025-06-05 09:04:27 CLIENT -&gt; SERVER: Name: Zaldy Siago<br>
2025-06-05 09:04:27 CLIENT -&gt; SERVER: Member ID: MEM2006<br>
2025-06-05 09:04:27 CLIENT -&gt; SERVER: <br>
2025-06-05 09:04:27 CLIENT -&gt; SERVER: PAYMENT DETAILS:<br>
2025-06-05 09:04:27 CLIENT -&gt; SERVER: Borrowing Fee: ₱10.00<br>
2025-06-05 09:04:27 CLIENT -&gt; SERVER: Total: ₱10.00<br>
2025-06-05 09:04:27 CLIENT -&gt; SERVER: <br>
2025-06-05 09:04:27 CLIENT -&gt; SERVER: IMPORTANT NOTES:<br>
2025-06-05 09:04:27 CLIENT -&gt; SERVER: - Please return the book on or before the due date.<br>
2025-06-05 09:04:27 CLIENT -&gt; SERVER: - Late returns will incur a penalty fee of 3x the original borrowing fee.<br>
2025-06-05 09:04:27 CLIENT -&gt; SERVER: - Please handle library materials with care.<br>
2025-06-05 09:04:27 CLIENT -&gt; SERVER: - For any inquiries, please contact the library staff.<br>
2025-06-05 09:04:27 CLIENT -&gt; SERVER: - Important: Please bring this receipt when returning the book.<br>
2025-06-05 09:04:27 CLIENT -&gt; SERVER: <br>
2025-06-05 09:04:27 CLIENT -&gt; SERVER: Thank you for using Coffee Prince Library!<br>
2025-06-05 09:04:27 CLIENT -&gt; SERVER: This receipt was generated on 2025-06-05 11:04:26<br>
2025-06-05 09:04:27 CLIENT -&gt; SERVER: <br>
2025-06-05 09:04:27 CLIENT -&gt; SERVER: --b1=_GMCNjuzyuMm4f7kWap2l7dnBVNzaBntd72LNtsq4Q<br>
2025-06-05 09:04:27 CLIENT -&gt; SERVER: Content-Type: text/html; charset=iso-8859-1<br>
2025-06-05 09:04:27 CLIENT -&gt; SERVER: Content-Transfer-Encoding: 8bit<br>
2025-06-05 09:04:27 CLIENT -&gt; SERVER: <br>
2025-06-05 09:04:27 CLIENT -&gt; SERVER: &lt;!DOCTYPE html&gt;<br>
2025-06-05 09:04:27 CLIENT -&gt; SERVER: &lt;html&gt;<br>
2025-06-05 09:04:27 CLIENT -&gt; SERVER: &lt;head&gt;<br>
2025-06-05 09:04:27 CLIENT -&gt; SERVER:     &lt;style&gt;<br>
2025-06-05 09:04:27 CLIENT -&gt; SERVER:         body { font-family: Arial, sans-serif; color: #333; line-height: 1.5; }<br>
2025-06-05 09:04:27 CLIENT -&gt; SERVER:         .container { max-width: 600px; margin: 0 auto; }<br>
2025-06-05 09:04:27 CLIENT -&gt; SERVER:         .header { text-align: center; margin-bottom: 20px; }<br>
2025-06-05 09:04:27 CLIENT -&gt; SERVER:         .header h1 { margin-bottom: 5px; color: #333; }<br>
2025-06-05 09:04:27 CLIENT -&gt; SERVER:         .section { margin-bottom: 20px; }<br>
2025-06-05 09:04:27 CLIENT -&gt; SERVER:         .section h3 { margin-bottom: 10px; border-bottom: 1px solid #eee; padding-bottom: 5px; }<br>
2025-06-05 09:04:27 CLIENT -&gt; SERVER:         .info-box { background-color: #f9f9f9; padding: 10px; border-radius: 4px; }<br>
2025-06-05 09:04:27 CLIENT -&gt; SERVER:         .table { width: 100%; border-collapse: collapse; }<br>
2025-06-05 09:04:27 CLIENT -&gt; SERVER:         .table td { padding: 8px 0; }<br>
2025-06-05 09:04:27 CLIENT -&gt; SERVER:         .table .border-bottom { border-bottom: 1px solid #eee; }<br>
2025-06-05 09:04:27 CLIENT -&gt; SERVER:         .text-right { text-align: right; }<br>
2025-06-05 09:04:27 CLIENT -&gt; SERVER:         .font-bold { font-weight: bold; }<br>
2025-06-05 09:04:27 CLIENT -&gt; SERVER:         .footer { text-align: center; margin-top: 30px; font-size: 0.9em; color: #777; border-top: 1px solid #eee; padding-top: 20px; }<br>
2025-06-05 09:04:27 CLIENT -&gt; SERVER:         ul { padding-left: 20px; }<br>
2025-06-05 09:04:27 CLIENT -&gt; SERVER:     &lt;/style&gt;<br>
2025-06-05 09:04:27 CLIENT -&gt; SERVER: &lt;/head&gt;<br>
2025-06-05 09:04:27 CLIENT -&gt; SERVER: &lt;body&gt;<br>
2025-06-05 09:04:27 CLIENT -&gt; SERVER:     &lt;div class=&#039;container&#039;&gt;<br>
2025-06-05 09:04:27 CLIENT -&gt; SERVER:         &lt;div class=&#039;header&#039;&gt;<br>
2025-06-05 09:04:27 CLIENT -&gt; SERVER:             &lt;h1&gt;Coffee Prince Library&lt;/h1&gt;<br>
2025-06-05 09:04:27 CLIENT -&gt; SERVER:             &lt;p&gt;Book Borrowing Receipt&lt;/p&gt;<br>
2025-06-05 09:04:27 CLIENT -&gt; SERVER:             &lt;p style=&#039;font-size: 0.9em; color: #777;&#039;&gt;Transaction #19&lt;/p&gt;<br>
2025-06-05 09:04:27 CLIENT -&gt; SERVER:         &lt;/div&gt;<br>
2025-06-05 09:04:27 CLIENT -&gt; SERVER:         <br>
2025-06-05 09:04:27 CLIENT -&gt; SERVER:         &lt;div class=&#039;section&#039;&gt;<br>
2025-06-05 09:04:27 CLIENT -&gt; SERVER:             &lt;div style=&#039;display: flex; justify-content: space-between;&#039;&gt;<br>
2025-06-05 09:04:27 CLIENT -&gt; SERVER:                 &lt;div&gt;<br>
2025-06-05 09:04:27 CLIENT -&gt; SERVER:                     &lt;p style=&#039;font-size: 0.9em; color: #777;&#039;&gt;Date Borrowed:&lt;/p&gt;<br>
2025-06-05 09:04:27 CLIENT -&gt; SERVER:                     &lt;p style=&#039;font-weight: bold;&#039;&gt;June 5, 2025, 5:04 PM&lt;/p&gt;<br>
2025-06-05 09:04:27 CLIENT -&gt; SERVER:                 &lt;/div&gt;<br>
2025-06-05 09:04:27 CLIENT -&gt; SERVER:                 &lt;div&gt;<br>
2025-06-05 09:04:27 CLIENT -&gt; SERVER:                     &lt;p style=&#039;font-size: 0.9em; color: #777;&#039;&gt;Due Date:&lt;/p&gt;<br>
2025-06-05 09:04:27 CLIENT -&gt; SERVER:                     &lt;p style=&#039;font-weight: bold;&#039;&gt;June 6, 2025&lt;/p&gt;<br>
2025-06-05 09:04:27 CLIENT -&gt; SERVER:                 &lt;/div&gt;<br>
2025-06-05 09:04:27 CLIENT -&gt; SERVER:             &lt;/div&gt;<br>
2025-06-05 09:04:27 CLIENT -&gt; SERVER:         &lt;/div&gt;<br>
2025-06-05 09:04:27 CLIENT -&gt; SERVER:         <br>
2025-06-05 09:04:27 CLIENT -&gt; SERVER:         &lt;div class=&#039;section&#039;&gt;<br>
2025-06-05 09:04:27 CLIENT -&gt; SERVER:             &lt;h3&gt;Book Details&lt;/h3&gt;<br>
2025-06-05 09:04:27 CLIENT -&gt; SERVER:             &lt;div class=&#039;info-box&#039;&gt;<br>
2025-06-05 09:04:27 CLIENT -&gt; SERVER:                 &lt;p&gt;&lt;span style=&#039;font-weight: bold;&#039;&gt;Title:&lt;/span&gt; Everything is Fucked!&lt;/p&gt;<br>
2025-06-05 09:04:27 CLIENT -&gt; SERVER:                 &lt;p&gt;&lt;span style=&#039;font-weight: bold;&#039;&gt;Author:&lt;/span&gt; Mark Manson&lt;/p&gt;<br>
2025-06-05 09:04:27 CLIENT -&gt; SERVER:                 &lt;p&gt;&lt;span style=&#039;font-weight: bold;&#039;&gt;Barcode:&lt;/span&gt; 9780062888433&lt;/p&gt;<br>
2025-06-05 09:04:27 CLIENT -&gt; SERVER:             &lt;/div&gt;<br>
2025-06-05 09:04:27 CLIENT -&gt; SERVER:         &lt;/div&gt;<br>
2025-06-05 09:04:27 CLIENT -&gt; SERVER:         <br>
2025-06-05 09:04:27 CLIENT -&gt; SERVER:         &lt;div class=&#039;section&#039;&gt;<br>
2025-06-05 09:04:27 CLIENT -&gt; SERVER:             &lt;h3&gt;Borrower Details&lt;/h3&gt;<br>
2025-06-05 09:04:27 CLIENT -&gt; SERVER:             &lt;div class=&#039;info-box&#039;&gt;<br>
2025-06-05 09:04:27 CLIENT -&gt; SERVER:                 &lt;p&gt;&lt;span style=&#039;font-weight: bold;&#039;&gt;Name:&lt;/span&gt; Zaldy Siago&lt;/p&gt;<br>
2025-06-05 09:04:27 CLIENT -&gt; SERVER:                 &lt;p&gt;&lt;span style=&#039;font-weight: bold;&#039;&gt;Member ID:&lt;/span&gt; MEM2006&lt;/p&gt;<br>
2025-06-05 09:04:27 CLIENT -&gt; SERVER:             &lt;/div&gt;<br>
2025-06-05 09:04:27 CLIENT -&gt; SERVER:         &lt;/div&gt;<br>
2025-06-05 09:04:27 CLIENT -&gt; SERVER:         <br>
2025-06-05 09:04:27 CLIENT -&gt; SERVER:         &lt;div class=&#039;section&#039;&gt;<br>
2025-06-05 09:04:27 CLIENT -&gt; SERVER:             &lt;h3&gt;Payment Details&lt;/h3&gt;<br>
2025-06-05 09:04:27 CLIENT -&gt; SERVER:             &lt;table class=&#039;table&#039;&gt;<br>
2025-06-05 09:04:27 CLIENT -&gt; SERVER:                 &lt;tr class=&#039;border-bottom&#039;&gt;<br>
2025-06-05 09:04:27 CLIENT -&gt; SERVER:                     &lt;td&gt;Borrowing Fee&lt;/td&gt;<br>
2025-06-05 09:04:27 CLIENT -&gt; SERVER:                     &lt;td class=&#039;text-right font-bold&#039;&gt;₱10.00&lt;/td&gt;<br>
2025-06-05 09:04:27 CLIENT -&gt; SERVER:                 &lt;/tr&gt;<br>
2025-06-05 09:04:27 CLIENT -&gt; SERVER:                 &lt;tr class=&#039;border-bottom font-bold&#039;&gt;<br>
2025-06-05 09:04:27 CLIENT -&gt; SERVER:                     &lt;td&gt;Total&lt;/td&gt;<br>
2025-06-05 09:04:27 CLIENT -&gt; SERVER:                     &lt;td class=&#039;text-right&#039;&gt;₱10.00&lt;/td&gt;<br>
2025-06-05 09:04:27 CLIENT -&gt; SERVER:                 &lt;/tr&gt;<br>
2025-06-05 09:04:27 CLIENT -&gt; SERVER:             &lt;/table&gt;<br>
2025-06-05 09:04:27 CLIENT -&gt; SERVER:         &lt;/div&gt;<br>
2025-06-05 09:04:27 CLIENT -&gt; SERVER:         <br>
2025-06-05 09:04:27 CLIENT -&gt; SERVER:         &lt;div class=&#039;section&#039;&gt;<br>
2025-06-05 09:04:27 CLIENT -&gt; SERVER:             &lt;h3&gt;Important Notes&lt;/h3&gt;<br>
2025-06-05 09:04:27 CLIENT -&gt; SERVER:             &lt;ul&gt;<br>
2025-06-05 09:04:27 CLIENT -&gt; SERVER:                 &lt;li&gt;Please return the book on or before the due date.&lt;/li&gt;<br>
2025-06-05 09:04:27 CLIENT -&gt; SERVER:                 &lt;li&gt;Late returns will incur a penalty fee of 3x the original borrowing fee.&lt;/li&gt;<br>
2025-06-05 09:04:27 CLIENT -&gt; SERVER:                 &lt;li&gt;Please handle library materials with care.&lt;/li&gt;<br>
2025-06-05 09:04:27 CLIENT -&gt; SERVER:                 &lt;li&gt;For any inquiries, please contact the library staff.&lt;/li&gt;<br>
2025-06-05 09:04:27 CLIENT -&gt; SERVER:                 &lt;li&gt;&lt;strong&gt;Important:&lt;/strong&gt; Please bring this receipt when returning the book.&lt;/li&gt;<br>
2025-06-05 09:04:27 CLIENT -&gt; SERVER:             &lt;/ul&gt;<br>
2025-06-05 09:04:27 CLIENT -&gt; SERVER:         &lt;/div&gt;<br>
2025-06-05 09:04:27 CLIENT -&gt; SERVER:         <br>
2025-06-05 09:04:27 CLIENT -&gt; SERVER:         &lt;div class=&#039;footer&#039;&gt;<br>
2025-06-05 09:04:27 CLIENT -&gt; SERVER:             &lt;p&gt;Thank you for using Coffee Prince Library!&lt;/p&gt;<br>
2025-06-05 09:04:27 CLIENT -&gt; SERVER:             &lt;p&gt;This receipt was generated on 2025-06-05 11:04:26&lt;/p&gt;<br>
2025-06-05 09:04:27 CLIENT -&gt; SERVER:         &lt;/div&gt;<br>
2025-06-05 09:04:27 CLIENT -&gt; SERVER:     &lt;/div&gt;<br>
2025-06-05 09:04:27 CLIENT -&gt; SERVER: &lt;/body&gt;<br>
2025-06-05 09:04:27 CLIENT -&gt; SERVER: &lt;/html&gt;<br>
2025-06-05 09:04:27 CLIENT -&gt; SERVER: <br>
2025-06-05 09:04:27 CLIENT -&gt; SERVER: <br>
2025-06-05 09:04:27 CLIENT -&gt; SERVER: --b1=_GMCNjuzyuMm4f7kWap2l7dnBVNzaBntd72LNtsq4Q--<br>
2025-06-05 09:04:27 CLIENT -&gt; SERVER: <br>
2025-06-05 09:04:27 CLIENT -&gt; SERVER: .<br>
2025-06-05 09:04:28 SERVER -&gt; CLIENT: 250 2.0.0 OK  1749114268 d9443c01a7336-23506cd8d6dsm115379565ad.119 - gsmtp<br>
2025-06-05 09:04:28 CLIENT -&gt; SERVER: QUIT<br>
2025-06-05 09:04:28 SERVER -&gt; CLIENT: 221 2.0.0 closing connection d9443c01a7336-23506cd8d6dsm115379565ad.119 - gsmtp<br>

2025-06-05 11:04:28 - Port 465/SSL result: SUCCESS
2025-06-05 11:04:28 - Direct email result: SUCCESS
2025-06-05 11:04:28 - Borrowing receipt email process complete for transaction ID: 19 - Status: SUCCESS
